sp_id,sp_hh_id,serialno,stcotrbg,age,sex,dummy,sporder,dummy,dummy,dummy
4620440.00-1-1,4620440.00-1,14331,4620440.00,65,1,,1,,,
4620440.00-1-2,4620440.00-1,14331,4620440.00,55,2,,2,,,
